{
  "version": 4,
  "terraform_version": "1.5.6",
  "serial": 11,
  "lineage": "310dd073-7c4c-858c-515b-aa2a94f6f526",
  "outputs": {},
  "resources": [],
  "check_results": null
}
