node_foo: {
  label: node_foo
  style: {
    opacity: 1
    stroke-dash: 0
    stroke-width: 2
    bold: true
  }
}
node_bar: {
  label: node_bar
  style: {
    opacity: 1
    stroke-dash: 0
    stroke-width: 2
    bold: true
  }
}
node_foo -> node_bar
